------------------------------------------------------------
Timing Analyzer Summary
------------------------------------------------------------

Type  : Slow 1100mV 85C Model Setup 'clk'
Slack : -6.465
TNS   : -214.249

Type  : Slow 1100mV 85C Model Hold 'clk'
Slack : 0.433
TNS   : 0.000

Type  : Slow 1100mV 85C Model Minimum Pulse Width 'clk'
Slack : -0.724
TNS   : -74.633

Type  : Slow 1100mV 0C Model Setup 'clk'
Slack : -6.587
TNS   : -212.294

Type  : Slow 1100mV 0C Model Hold 'clk'
Slack : 0.418
TNS   : 0.000

Type  : Slow 1100mV 0C Model Minimum Pulse Width 'clk'
Slack : -0.724
TNS   : -74.579

Type  : Fast 1100mV 85C Model Setup 'clk'
Slack : -2.073
TNS   : -48.167

Type  : Fast 1100mV 85C Model Hold 'clk'
Slack : 0.177
TNS   : 0.000

Type  : Fast 1100mV 85C Model Minimum Pulse Width 'clk'
Slack : -0.092
TNS   : -6.010

Type  : Fast 1100mV 0C Model Setup 'clk'
Slack : -1.870
TNS   : -39.355

Type  : Fast 1100mV 0C Model Hold 'clk'
Slack : 0.168
TNS   : 0.000

Type  : Fast 1100mV 0C Model Minimum Pulse Width 'clk'
Slack : -0.088
TNS   : -5.783

------------------------------------------------------------
